[2026-07-14T09:20:15.006Z] 已投递 minguo_sheet_05：民国素材板_05_服装_蓝印花布头巾_工装背带裤_水手条纹衫_白衬衫黑裙
[2026-07-14T09:51:05.899Z] 已投递 minguo_sheet_05：民国素材板_05_服装_蓝印花布头巾_工装背带裤_水手条纹衫_白衬衫黑裙
[2026-07-14T09:56:16.373Z] minguo_sheet_05 完成：C:\Users\19308\Documents\Obsidian\ten-yuan-vault\09-给674（我）用的库\画画理论\assets\minguo-contact-sheet-batch\images\民国素材板_05_服装_蓝印花布头巾_工装背带裤_水手条纹衫_白衬衫黑裙.png
[2026-07-14T09:56:31.390Z] 已投递 minguo_sheet_06：民国素材板_06_服装_灰布长衫围巾_白色围巾长衫_民国学生装_麻布文人袍
[2026-07-14T10:01:51.921Z] minguo_sheet_06 完成：C:\Users\19308\Documents\Obsidian\ten-yuan-vault\09-给674（我）用的库\画画理论\assets\minguo-contact-sheet-batch\images\民国素材板_06_服装_灰布长衫围巾_白色围巾长衫_民国学生装_麻布文人袍.png
[2026-07-14T10:02:06.934Z] 已投递 minguo_sheet_07：民国素材板_07_服装_墨色棉袍_八角帽列宁装_旧西装外套_中山装配围巾
[2026-07-14T10:04:47.176Z] minguo_sheet_07 完成：C:\Users\19308\Documents\Obsidian\ten-yuan-vault\09-给674（我）用的库\画画理论\assets\minguo-contact-sheet-batch\images\民国素材板_07_服装_墨色棉袍_八角帽列宁装_旧西装外套_中山装配围巾.png
[2026-07-14T10:05:02.184Z] 已投递 minguo_sheet_08：民国素材板_08_服装_黑风衣礼帽_暗花丝绒旗袍_立领中山谍装_皮手套大衣
[2026-07-14T10:07:12.416Z] minguo_sheet_08 完成：C:\Users\19308\Documents\Obsidian\ten-yuan-vault\09-给674（我）用的库\画画理论\assets\minguo-contact-sheet-batch\images\民国素材板_08_服装_黑风衣礼帽_暗花丝绒旗袍_立领中山谍装_皮手套大衣.png
[2026-07-14T10:07:27.428Z] 已投递 minguo_sheet_09：民国素材板_09_服装_女学生便装_工装裤工服_深色对襟短打_日军军官服伪装
[2026-07-14T10:08:57.536Z] minguo_sheet_09 完成：C:\Users\19308\Documents\Obsidian\ten-yuan-vault\09-给674（我）用的库\画画理论\assets\minguo-contact-sheet-batch\images\民国素材板_09_服装_女学生便装_工装裤工服_深色对襟短打_日军军官服伪装.png
[2026-07-14T10:09:12.546Z] 已投递 minguo_sheet_10：民国素材板_10_服装_灰布八路军军装_德式钢盔_武装皮带子弹带_绑腿布条
[2026-07-14T10:21:13.733Z] minguo_sheet_10 失败并暂停：等待超时（12 分钟）
[2026-07-14T10:23:19.967Z] 已投递 minguo_sheet_10：民国素材板_10_服装_灰布八路军军装_德式钢盔_武装皮带子弹带_绑腿布条
[2026-07-14T10:35:21.214Z] minguo_sheet_10 失败并暂停：等待超时（12 分钟）
[2026-07-14T10:36:05.942Z] 已投递 minguo_sheet_10：民国素材板_10_服装_灰布八路军军装_德式钢盔_武装皮带子弹带_绑腿布条
[2026-07-14T10:38:46.224Z] minguo_sheet_10 完成：C:\Users\19308\Documents\Obsidian\ten-yuan-vault\09-给674（我）用的库\画画理论\assets\minguo-contact-sheet-batch\images\民国素材板_10_服装_灰布八路军军装_德式钢盔_武装皮带子弹带_绑腿布条.png
[2026-07-14T10:39:01.228Z] 已投递 minguo_sheet_11：民国素材板_11_服装_呢料军官制服_土黄军装_游击队员短打_黑色夜行服
[2026-07-14T10:41:31.447Z] minguo_sheet_11 完成：C:\Users\19308\Documents\Obsidian\ten-yuan-vault\09-给674（我）用的库\画画理论\assets\minguo-contact-sheet-batch\images\民国素材板_11_服装_呢料军官制服_土黄军装_游击队员短打_黑色夜行服.png
[2026-07-14T10:41:46.464Z] 已投递 minguo_sheet_12：民国素材板_12_服装_白毛巾头巾_血染绷带_粗麻对襟衣_大裆裤布腰带
[2026-07-14T10:44:11.697Z] minguo_sheet_12 完成：C:\Users\19308\Documents\Obsidian\ten-yuan-vault\09-给674（我）用的库\画画理论\assets\minguo-contact-sheet-batch\images\民国素材板_12_服装_白毛巾头巾_血染绷带_粗麻对襟衣_大裆裤布腰带.png
[2026-07-14T10:44:26.708Z] 已投递 minguo_sheet_13：民国素材板_13_服装_蓝印花布衫_草帽蓑衣_羊肚毛巾白羊肚_肚兜红布裤
[2026-07-14T10:46:46.939Z] minguo_sheet_13 完成：C:\Users\19308\Documents\Obsidian\ten-yuan-vault\09-给674（我）用的库\画画理论\assets\minguo-contact-sheet-batch\images\民国素材板_13_服装_蓝印花布衫_草帽蓑衣_羊肚毛巾白羊肚_肚兜红布裤.png
[2026-07-14T10:47:01.954Z] 已投递 minguo_sheet_14：民国素材板_14_服装_对襟棉坎肩_黑布鞋白袜
[2026-07-14T10:48:52.147Z] minguo_sheet_14 完成：C:\Users\19308\Documents\Obsidian\ten-yuan-vault\09-给674（我）用的库\画画理论\assets\minguo-contact-sheet-batch\images\民国素材板_14_服装_对襟棉坎肩_黑布鞋白袜.png
[2026-07-14T10:49:07.155Z] 已投递 minguo_sheet_15：民国素材板_15_场景_百乐门舞池_公馆会客厅_大饭店顶层餐厅_赛马场跑马厅
[2026-07-14T10:50:42.318Z] minguo_sheet_15 完成：C:\Users\19308\Documents\Obsidian\ten-yuan-vault\09-给674（我）用的库\画画理论\assets\minguo-contact-sheet-batch\images\民国素材板_15_场景_百乐门舞池_公馆会客厅_大饭店顶层餐厅_赛马场跑马厅.png
[2026-07-14T10:50:57.330Z] 已投递 minguo_sheet_16：民国素材板_16_场景_夜总会包厢_银行金库_官邸书房_鸦片馆烟馆
[2026-07-14T10:52:42.514Z] minguo_sheet_16 完成：C:\Users\19308\Documents\Obsidian\ten-yuan-vault\09-给674（我）用的库\画画理论\assets\minguo-contact-sheet-batch\images\民国素材板_16_场景_夜总会包厢_银行金库_官邸书房_鸦片馆烟馆.png
[2026-07-14T10:52:57.523Z] 已投递 minguo_sheet_17：民国素材板_17_场景_弄堂清晨_老茶馆里_夜市大排档_澡堂子
[2026-07-14T10:54:32.673Z] minguo_sheet_17 完成：C:\Users\19308\Documents\Obsidian\ten-yuan-vault\09-给674（我）用的库\画画理论\assets\minguo-contact-sheet-batch\images\民国素材板_17_场景_弄堂清晨_老茶馆里_夜市大排档_澡堂子.png
[2026-07-14T10:54:47.687Z] 已投递 minguo_sheet_18：民国素材板_18_场景_理发店_菜市场_弄堂婚礼丧事_棚户区
[2026-07-14T10:57:07.946Z] minguo_sheet_18 完成：C:\Users\19308\Documents\Obsidian\ten-yuan-vault\09-给674（我）用的库\画画理论\assets\minguo-contact-sheet-batch\images\民国素材板_18_场景_理发店_菜市场_弄堂婚礼丧事_棚户区.png
[2026-07-14T10:57:22.963Z] 已投递 minguo_sheet_19：民国素材板_19_场景_大学教室礼堂_书房书斋_湖畔公园长椅_图书馆资料室
[2026-07-14T10:59:28.165Z] minguo_sheet_19 完成：C:\Users\19308\Documents\Obsidian\ten-yuan-vault\09-给674（我）用的库\画画理论\assets\minguo-contact-sheet-batch\images\民国素材板_19_场景_大学教室礼堂_书房书斋_湖畔公园长椅_图书馆资料室.png
[2026-07-14T10:59:43.170Z] 已投递 minguo_sheet_20：民国素材板_20_场景_咖啡馆_书局书店_战壕对峙_巷战街道
[2026-07-14T11:01:13.337Z] minguo_sheet_20 完成：C:\Users\19308\Documents\Obsidian\ten-yuan-vault\09-给674（我）用的库\画画理论\assets\minguo-contact-sheet-batch\images\民国素材板_20_场景_咖啡馆_书局书店_战壕对峙_巷战街道.png
[2026-07-14T11:01:28.341Z] 已投递 minguo_sheet_21：民国素材板_21_场景_日军扫荡村庄_游击队夜袭_野战医院_渡江过河
[2026-07-14T11:04:08.594Z] minguo_sheet_21 完成：C:\Users\19308\Documents\Obsidian\ten-yuan-vault\09-给674（我）用的库\画画理论\assets\minguo-contact-sheet-batch\images\民国素材板_21_场景_日军扫荡村庄_游击队夜袭_野战医院_渡江过河.png
[2026-07-14T11:04:23.597Z] 已投递 minguo_sheet_22：民国素材板_22_场景_万人坑尸堆_胜利入城式_春耕秋收_村头开会
[2026-07-14T11:06:58.847Z] minguo_sheet_22 完成：C:\Users\19308\Documents\Obsidian\ten-yuan-vault\09-给674（我）用的库\画画理论\assets\minguo-contact-sheet-batch\images\民国素材板_22_场景_万人坑尸堆_胜利入城式_春耕秋收_村头开会.png
[2026-07-14T11:07:13.865Z] 已投递 minguo_sheet_23：民国素材板_23_场景_赶集庙会_水车磨坊_地主收租_送红军送别
[2026-07-14T11:07:33.902Z] minguo_sheet_23 完成：C:\Users\19308\Documents\Obsidian\ten-yuan-vault\09-给674（我）用的库\画画理论\assets\minguo-contact-sheet-batch\images\民国素材板_23_场景_赶集庙会_水车磨坊_地主收租_送红军送别.png
[2026-07-14T11:07:48.916Z] 全部完成：20/20
[2026-07-14T11:23:47.367Z] 已投递 minguo_sheet_24：民国素材板_24_建筑_石库门公馆_军阀大帅府_百乐门舞厅_大饭店
[2026-07-14T11:26:22.621Z] minguo_sheet_24 完成：C:\Users\19308\Documents\Obsidian\ten-yuan-vault\09-给674（我）用的库\画画理论\assets\minguo-contact-sheet-batch\images\民国素材板_24_建筑.png
[2026-07-14T11:26:37.632Z] 已投递 minguo_sheet_25：民国素材板_25_建筑_银行大楼_西式花园洋房_中式深宅大院_大使馆领事馆
[2026-07-14T11:28:47.829Z] minguo_sheet_25 完成：C:\Users\19308\Documents\Obsidian\ten-yuan-vault\09-给674（我）用的库\画画理论\assets\minguo-contact-sheet-batch\images\民国素材板_25_建筑.png
[2026-07-14T11:29:02.833Z] 已投递 minguo_sheet_26：民国素材板_26_建筑_石库门弄堂_老茶馆_老戏院剧场_报馆出版社
[2026-07-14T11:31:53.102Z] minguo_sheet_26 完成：C:\Users\19308\Documents\Obsidian\ten-yuan-vault\09-给674（我）用的库\画画理论\assets\minguo-contact-sheet-batch\images\民国素材板_26_建筑.png
[2026-07-14T11:32:08.119Z] 已投递 minguo_sheet_27：民国素材板_27_建筑_照相馆_码头仓库区_电车轨道街_夜市排档街
[2026-07-14T11:34:53.425Z] minguo_sheet_27 完成：C:\Users\19308\Documents\Obsidian\ten-yuan-vault\09-给674（我）用的库\画画理论\assets\minguo-contact-sheet-batch\images\民国素材板_27_建筑.png
[2026-07-14T11:35:08.433Z] 已投递 minguo_sheet_28：民国素材板_28_建筑_陕北窑洞_南方瓦房_土楼围屋_祠堂宗庙
[2026-07-14T11:37:33.695Z] minguo_sheet_28 完成：C:\Users\19308\Documents\Obsidian\ten-yuan-vault\09-给674（我）用的库\画画理论\assets\minguo-contact-sheet-batch\images\民国素材板_28_建筑.png
[2026-07-14T11:37:48.713Z] 已投递 minguo_sheet_29：民国素材板_29_建筑_晒谷场_村口古树井台_战壕炮兵阵地_碉堡炮楼
[2026-07-14T11:39:38.895Z] minguo_sheet_29 完成：C:\Users\19308\Documents\Obsidian\ten-yuan-vault\09-给674（我）用的库\画画理论\assets\minguo-contact-sheet-batch\images\民国素材板_29_建筑.png
[2026-07-14T11:39:53.902Z] 已投递 minguo_sheet_30：民国素材板_30_建筑_指挥部参谋部_兵营军营_城墙城门楼_日军宪兵队
[2026-07-14T11:42:29.157Z] minguo_sheet_30 完成：C:\Users\19308\Documents\Obsidian\ten-yuan-vault\09-给674（我）用的库\画画理论\assets\minguo-contact-sheet-batch\images\民国素材板_30_建筑.png
[2026-07-14T11:42:44.174Z] 已投递 minguo_sheet_31：民国素材板_31_建筑_防空洞避难所_地雷阵封锁线_火车站铁轨_老码头渡口
[2026-07-14T11:45:44.497Z] minguo_sheet_31 完成：C:\Users\19308\Documents\Obsidian\ten-yuan-vault\09-给674（我）用的库\画画理论\assets\minguo-contact-sheet-batch\images\民国素材板_31_建筑.png
[2026-07-14T11:45:59.513Z] 已投递 minguo_sheet_32：民国素材板_32_建筑_黄包车停靠点_大桥铁桥_公路检查站_老式轿车
[2026-07-14T11:48:49.807Z] minguo_sheet_32 完成：C:\Users\19308\Documents\Obsidian\ten-yuan-vault\09-给674（我）用的库\画画理论\assets\minguo-contact-sheet-batch\images\民国素材板_32_建筑.png
[2026-07-14T11:49:04.816Z] 已投递 minguo_sheet_33：民国素材板_33_构件_拱形骑楼_铁艺阳台栏杆_石库门门楣_霓虹灯招牌
[2026-07-14T11:52:20.146Z] minguo_sheet_33 完成：C:\Users\19308\Documents\Obsidian\ten-yuan-vault\09-给674（我）用的库\画画理论\assets\minguo-contact-sheet-batch\images\民国素材板_33_构件.png
[2026-07-14T11:52:35.165Z] 已投递 minguo_sheet_34：民国素材板_34_构件_青砖墙灰瓦顶_老式木质百叶窗_朱红大门铜钉_琉璃瓦屋顶
[2026-07-14T11:55:15.418Z] minguo_sheet_34 完成：C:\Users\19308\Documents\Obsidian\ten-yuan-vault\09-给674（我）用的库\画画理论\assets\minguo-contact-sheet-batch\images\民国素材板_34_构件.png
[2026-07-14T11:55:30.437Z] 已投递 minguo_sheet_35：民国素材板_35_构件_水泥电线杆_烟囱工厂烟筒_盘扣蝴蝶扣_立领
[2026-07-14T11:57:30.613Z] minguo_sheet_35 完成：C:\Users\19308\Documents\Obsidian\ten-yuan-vault\09-给674（我）用的库\画画理论\assets\minguo-contact-sheet-batch\images\民国素材板_35_构件.png
[2026-07-14T11:57:45.621Z] 已投递 minguo_sheet_36：民国素材板_36_构件_开衩_金刚纂簪子_怀表挂链_毡帽礼帽
[2026-07-14T12:00:40.852Z] minguo_sheet_36 完成：C:\Users\19308\Documents\Obsidian\ten-yuan-vault\09-给674（我）用的库\画画理论\assets\minguo-contact-sheet-batch\images\民国素材板_36_构件.png
[2026-07-14T12:00:55.860Z] 已投递 minguo_sheet_37：民国素材板_37_构件_围巾披肩_眼镜墨镜_烟斗卷烟_袖扣领带夹
[2026-07-14T12:03:01.050Z] minguo_sheet_37 完成：C:\Users\19308\Documents\Obsidian\ten-yuan-vault\09-给674（我）用的库\画画理论\assets\minguo-contact-sheet-batch\images\民国素材板_37_构件.png
[2026-07-14T12:03:16.067Z] 已投递 minguo_sheet_38：民国素材板_38_元素_青天白日旗_红旗五角星_太阳旗日军旗_标语大字报
[2026-07-14T12:15:17.214Z] minguo_sheet_38 失败并暂停：等待超时（12 分钟）
[2026-07-14T12:35:47.726Z] 驱动器异常停止：SyntaxError: Unexpected non-whitespace character after JSON at position 39877 (line 1320 column 2)
    at JSON.parse (<anonymous>)
    at readJson (C:\Users\19308\Documents\Obsidian\ten-yuan-vault\04-F12总控载体\yingdao-bridge\queue-runner\minguo-queue-runner.js:48:15)
    at C:\Users\19308\Documents\Obsidian\ten-yuan-vault\04-F12总控载体\yingdao-bridge\queue-runner\minguo-queue-runner.js:141:19
    at Array.map (<anonymous>)
    at loadQueues (C:\Users\19308\Documents\Obsidian\ten-yuan-vault\04-F12总控载体\yingdao-bridge\queue-runner\minguo-queue-runner.js:139:21)
    at run (C:\Users\19308\Documents\Obsidian\ten-yuan-vault\04-F12总控载体\yingdao-bridge\queue-runner\minguo-queue-runner.js:209:18)
    at Object.<anonymous> (C:\Users\19308\Documents\Obsidian\ten-yuan-vault\04-F12总控载体\yingdao-bridge\queue-runner\minguo-queue-runner.js:337:3)
    at Module._compile (node:internal/modules/cjs/loader:1812:14)
    at Object..js (node:internal/modules/cjs/loader:1943:10)
    at Module.load (node:internal/modules/cjs/loader:1533:32)
[2026-07-14T12:41:01.166Z] 已投递 repair_minguo_sheet_10：修复旧图_10
[2026-07-14T12:41:21.200Z] repair_minguo_sheet_10 完成：C:\Users\19308\Documents\Obsidian\ten-yuan-vault\09-给674（我）用的库\画画理论\assets\minguo-contact-sheet-batch\images\民国素材板_10_服装_灰布八路军军装_德式钢盔_武装皮带子弹带_绑腿布条.png
[2026-07-14T12:41:36.216Z] 全部完成：35/61
