RUN_START | scheduled=False | manual=True | dry_run=True | run_id=LLL-CHARM-20260921-024330
DISCARD_INVALID_PENDING_EXPERIMENT | missing character id
CODEX_FALLBACK | FALLBACK_ONLY_REQUESTED
GENERATION_METHOD | deterministic_safe_fallback
EXPERIMENT_WRITTEN | character=CH-001_澈 | shots=8 | pending=C:\Users\19308\Documents\Obsidian\ten-yuan-vault\黎黎隆项目\03_持续发散\角色文字任务\正式实验\LLL-CHARM-20260921-024330
FAIL | b'Connection timed out during banner exchange\r\nConnection to 100.81.254.47 port 22 timed out\r\n'
H3_4090D_PREFLIGHT | exit=0 | online=False
H3_4090D_PREFLIGHT | exit=0 | online=False
H3_4090D_PREFLIGHT | exit=0 | online=False
H3_4090D_PREFLIGHT | exit=0 | online=False
H3_4090D_PREFLIGHT | exit=0 | online=False
H3_4090D_PREFLIGHT | exit=0 | online=False
H3_4090D_PREFLIGHT | exit=0 | online=False
H3_4090D_PREFLIGHT | exit=1 | online=False
H3_4090D_PREFLIGHT | exit=0 | online=True
H3_4090D_PREFLIGHT | exit=0 | online=True
H3_4090D_PREFLIGHT | exit=0 | online=True
H3_4090D_PREFLIGHT | exit=0 | online=True
H3_4090D_SUBMITTED | task_id= | prefix=video/lililong/character_charm/LLL-CHARM-20260921-082916/CH-001_澈
H3_4090D_PREFLIGHT | exit=0 | online=True
H3_4090D_SUBMITTED | task_id= | prefix=video/lililong/character_charm/LLL-CHARM-20260921-084620/CH-001_澈
H3_4090D_PREFLIGHT | exit=0 | online=True
H3_4090D_SUBMITTED | task_id= | prefix=video/lililong/character_charm/LLL-CHARM-20260921-085016/CH-001_澈
H3_4090D_PREFLIGHT | exit=0 | online=True
H3_4090D_PREFLIGHT | exit=0 | online=True
H3_4090D_SUBMITTED | task_id= | prefix=video/lililong/character_charm/LLL-CHARM-20260921-085528/CH-001_澈
H3_4090D_PREFLIGHT | exit=0 | online=True
H3_4090D_PREFLIGHT | exit=0 | online=True
H3_4090D_SUBMITTED | task_id= | prefix=video/lililong/character_charm/LLL-CHARM-20260921-091428/CH-001_澈
H3_4090D_PREFLIGHT | exit=0 | online=True
H3_4090D_SUBMITTED | task_id= | prefix=video/lililong/character_charm/LLL-CHARM-20260921-092547/CH-001_澈
EXPERIMENT_FILES_REFRESHED | character=CH-001_澈 | shots=8 | resumed=C:\Users\19308\Documents\Obsidian\ten-yuan-vault\黎黎隆项目\03_持续发散\角色文字任务\正式实验\LLL-CHARM-20260921-024330
H3_4090D_PREFLIGHT | exit=0 | online=True
SHOTS_REFRESHED_FROM_CURRENT_TEMPLATE | shots=8
H3_4090D_SUBMITTED | task_id= | prefix=video/lililong/character_charm/LLL-CHARM-20260921-094119/CH-001_澈
FAIL | 在此对象上找不到属性“status”。请确认该属性存在。
EXPERIMENT_FILES_REFRESHED | character=CH-001_澈 | shots=8 | resumed=C:\Users\19308\Documents\Obsidian\ten-yuan-vault\黎黎隆项目\03_持续发散\角色文字任务\正式实验\LLL-CHARM-20260921-024330
H3_4090D_PREFLIGHT | exit=0 | online=True
SHOTS_REFRESHED_FROM_CURRENT_TEMPLATE | shots=8
EXPERIMENT_FILES_REFRESHED | character=CH-001_澈 | shots=8 | resumed=C:\Users\19308\Documents\Obsidian\ten-yuan-vault\黎黎隆项目\03_持续发散\角色文字任务\正式实验\LLL-CHARM-20260921-024330
H3_4090D_PREFLIGHT | exit=0 | online=True
SHOTS_REFRESHED_FROM_CURRENT_TEMPLATE | shots=8
H3_4090D_SUBMITTED | task_id= | prefix=video/lililong/character_charm/LLL-CHARM-20260921-094954/CH-001_澈
FAIL | 在此对象上找不到属性“status”。请确认该属性存在。
EXPERIMENT_FILES_REFRESHED | character=CH-001_澈 | shots=8 | resumed=C:\Users\19308\Documents\Obsidian\ten-yuan-vault\黎黎隆项目\03_持续发散\角色文字任务\正式实验\LLL-CHARM-20260921-024330
H3_4090D_PREFLIGHT | exit=0 | online=True
SHOTS_REFRESHED_FROM_CURRENT_TEMPLATE | shots=8
EXPERIMENT_FILES_REFRESHED | character=CH-001_澈 | shots=8 | resumed=C:\Users\19308\Documents\Obsidian\ten-yuan-vault\黎黎隆项目\03_持续发散\角色文字任务\正式实验\LLL-CHARM-20260921-024330
H3_4090D_PREFLIGHT | exit=255 | online=False
EXPERIMENT_FILES_REFRESHED | character=CH-001_澈 | shots=8 | resumed=C:\Users\19308\Documents\Obsidian\ten-yuan-vault\黎黎隆项目\03_持续发散\角色文字任务\正式实验\LLL-CHARM-20260921-024330
H3_4090D_PREFLIGHT | exit=0 | online=True
SHOTS_REFRESHED_FROM_CURRENT_TEMPLATE | shots=8
H3_4090D_SUBMITTED | task_id= | prefix=video/lililong/character_charm/LLL-CHARM-20260921-104620/CH-001_澈
EXPERIMENT_FILES_REFRESHED | character=CH-001_澈 | shots=8 | resumed=C:\Users\19308\Documents\Obsidian\ten-yuan-vault\黎黎隆项目\03_持续发散\角色文字任务\正式实验\LLL-CHARM-20260921-024330
H3_4090D_PREFLIGHT | exit=0 | online=True
SHOTS_REFRESHED_FROM_CURRENT_TEMPLATE | shots=8
H3_4090D_SUBMITTED | task_id= | prefix=video/lililong/character_charm/LLL-CHARM-20260921-114620/CH-001_澈
EXPERIMENT_FILES_REFRESHED | character=CH-001_澈 | shots=8 | resumed=C:\Users\19308\Documents\Obsidian\ten-yuan-vault\黎黎隆项目\03_持续发散\角色文字任务\正式实验\LLL-CHARM-20260921-024330
H3_4090D_PREFLIGHT | exit=2 | online=False
EXPERIMENT_FILES_REFRESHED | character=CH-001_澈 | shots=8 | resumed=C:\Users\19308\Documents\Obsidian\ten-yuan-vault\黎黎隆项目\03_持续发散\角色文字任务\正式实验\LLL-CHARM-20260921-024330
H3_4090D_PREFLIGHT | exit=0 | online=True
SHOTS_REFRESHED_FROM_CURRENT_TEMPLATE | shots=8
EXPERIMENT_FILES_REFRESHED | character=CH-001_澈 | shots=8 | resumed=C:\Users\19308\Documents\Obsidian\ten-yuan-vault\黎黎隆项目\03_持续发散\角色文字任务\正式实验\LLL-CHARM-20260921-024330
